// Jest Snapshot v1, https://goo.gl/fbAQLP

exports[`LabelElement should match the snapshot 1`] = `
<div>
  <label
    class="fr-label any-classname-mock"
    for="any-name-mock"
  >
    hook-label-mock
    <span
      class="labelHint fr-hint-text"
    >
      hook-hint-mock
       
      <div
        data-mockid="SeeAlsoElement"
        data-testid="SeeAlsoElement"
      />
    </span>
  </label>
</div>
`;
