// Jest Snapshot v1, https://goo.gl/fbAQLP

exports[`IdentityTheftReportDescriptionUsurpationPage should match the snapshot 1`] = `
<div>
  <h2>
    Description de l’usurpation
  </h2>
  <div
    data-mockid="AlertComponent"
  >
    <div>
      AlertComponent
    </div>
    <div>
      <p>
        Vous trouverez dans l’email les informations nécessaires à nous transmettre.
      </p>
    </div>
  </div>
  <div
    data-mockid="IdentityTheftReportFormComponent"
  />
</div>
`;
