// Jest Snapshot v1, https://goo.gl/fbAQLP

exports[`IdentityTheftReportAuthenticationEventIdPage should match the snapshot 1`] = `
<div>
  <h2>
    Identification de la connexion
  </h2>
  <div
    class="fr-border-default--grey fr-mt-3w fr-p-3w"
  >
    <div
      data-mockid="DTO2FormComponent"
    />
  </div>
  <div
    data-mockid="AccordionComponent"
  >
    <h3>
      AccordionComponent
    </h3>
    <div>
      <p
        class="fr-background-alt--grey fr-px-2w fr-py-3w fr-mb-0"
      >
        Vous trouverez le code dans l’alerte de connexion que vous avez reçue par mail.
        <img
          alt="Où trouver le code d'identification ?"
          class="fr-responsive-img fr-mt-2w"
          src="/images/fraud/mail-notification-connexion.png"
        />
      </p>
    </div>
  </div>
</div>
`;
