// Jest Snapshot v1, https://goo.gl/fbAQLP

exports[`IdentityTheftReportAuthenticationEventIdPage should match the snapshot 1`] = `
<div>
  <h2>
    IdentityTheftReport.codeIdentificationPage.title-mock
  </h2>
  <div
    data-mockid="AlertComponent"
  >
    <div>
      AlertComponent
    </div>
    <div>
      <p>
        IdentityTheftReport.codeIdentificationPage.alertContent-mock
      </p>
    </div>
  </div>
  <div
    data-mockid="IdentityTheftReportFormComponent"
  />
  <div
    data-mockid="IdentityTheftReportHelpEventIdAccordionComponent"
  />
</div>
`;
