// Jest Snapshot v1, https://goo.gl/fbAQLP

exports[`ServiceProvidersListComponent should match snapshot while calling the sortByKey util 1`] = `
<div>
  <div
    data-mockid="ServiceProviderCardComponent"
  />
  <div
    data-mockid="ServiceProviderCardComponent"
  />
  <div
    data-mockid="ServiceProviderCardComponent"
  />
</div>
`;
