// Jest Snapshot v1, https://goo.gl/fbAQLP

exports[`HomePage should match the snapshot 1`] = `
<div>
  <div
    data-mock="LoginLayout"
  >
    <h1
      class="fr-text-title--blue-france fr-mb-5w"
    >
      UserDashboard-homepage-title--mock
    </h1>
    <div
      data-mockid="LoginFormComponent"
    />
    <p
      class="paragraph fr-m-auto fr-mt-7v"
      data-testid="paragraph"
    >
      UserDashboard-homepage-paragraph--mock
    </p>
  </div>
</div>
`;
