// Jest Snapshot v1, https://goo.gl/fbAQLP

exports[`ServiceProviderCardComponent should match the snapshot 1`] = `
<div>
  <div
    data-mockid="CardComponent"
  >
    <p
      class="is-uppercase fr-text--sm fr-mb-2w"
    >
      <b>
        any-organization-name-mock
      </b>
    </p>
    <p>
      <b>
        CorePartners.serviceProvidersPage.datapassRequestId
      </b>
      <span
        class="is-block is-inline--md"
        data-testid="ServiceProviderCardComponent-request-id"
      >
        any-datapass-request-id-mock
      </span>
    </p>
  </div>
</div>
`;
