// Jest Snapshot v1, https://jestjs.io/docs/snapshot-testing

exports[`SandboxCardComponent should match snapshot 1`] = `
<div>
  <div
    class="fr-col-12 fr-col-md-6"
    data-testid="service-provider-sandbox-card-sandbox-1"
  >
    <div
      data-mockid="CardComponent"
    >
      <p>
        <b
          class="is-block"
        >
          Partners.serviceProviderPage.sandboxes.card.createdAtBy
        </b>
        <span
          aria-hidden="true"
          class="fr-icon-calendar-event-fill fr-icon--sm"
        />
         
        <span
          data-testid="sandbox-card-created-at-sandbox-1"
        >
          15/01/2024
        </span>
        <br />
        <span
          aria-hidden="true"
          class="fr-icon-user-setting-fill fr-icon--sm"
        />
         
        <span
          data-testid="sandbox-card-created-by-sandbox-1"
        >
          Samantha Groves
        </span>
      </p>
      <p>
        <b
          class="is-block"
        >
          Partners.serviceProviderPage.sandboxes.columns.clientId
        </b>
        <span
          data-testid="sandbox-card-client-id-sandbox-1"
        >
          a1b2c3d4...34567890
        </span>
      </p>
    </div>
  </div>
</div>
`;
