// Jest Snapshot v1, https://goo.gl/fbAQLP

exports[`Dto2FormComponent should match the snapshot 1`] = `
<div>
  <div
    data-mockid="FormConfigContextProvider"
  >
    <div
      data-mockid="FormComponent"
    >
      <div
        data-mockid="Dto2InputComponent"
      />
      <div
        data-mockid="Dto2InputComponent"
      />
      <div
        data-mockid="Dto2SectionComponent"
      />
      <div
        data-mockid="Dto2InputComponent"
      />
    </div>
  </div>
</div>
`;
