// Jest Snapshot v1, https://goo.gl/fbAQLP

exports[`LayoutFooterBottomLinksComponent should match the snapshot 1`] = `
<div>
  <ul
    class="fr-footer__bottom-list"
  >
    <li
      class="fr-footer__bottom-item"
    >
      <span>
        any-label-mock-1
      </span>
    </li>
    <li
      class="fr-footer__bottom-item"
    >
      <span>
        any-label-mock-2
      </span>
    </li>
    <li
      class="fr-footer__bottom-item"
    >
      <span>
        any-label-mock-3
      </span>
    </li>
  </ul>
</div>
`;
