// Jest Snapshot v1, https://jestjs.io/docs/snapshot-testing

exports[`ToggleInput should match the snapshot 1`] = `
<div>
  <form
    data-testid="form-wrapper"
  >
    <div
      class="fr-toggle"
    >
      <div>
        ToggleInputComponent
      </div>
      <div>
        ToggleLabelComponent
      </div>
    </div>
  </form>
</div>
`;
