// Jest Snapshot v1, https://goo.gl/fbAQLP

exports[`ToggleInputComponent should match the snapshot 1`] = `
<input
  aria-describedby="any-field-name-mock-hint-text"
  class="fr-toggle__input"
  data-testid="field-toggle-input"
  id="any-field-name-mock"
  name="any-field-name-mock"
  type="checkbox"
  value="any-field-value-mock"
/>
`;
