// Jest Snapshot v1, https://jestjs.io/docs/snapshot-testing

exports[`ServiceProviderSandboxesComponent should match the snapshot 1`] = `
<div>
  <div
    class="fr-col-12 fr-col-lg-10 fr-col-xl-8 fr-mt-4w"
  >
    <h2>
      Partners.serviceProviderPage.sandboxes.title
    </h2>
    <hr />
    <div
      data-mockid="SandboxAlert"
    />
    <p>
      Partners.serviceProviderPage.sandboxes.description
       
      <span
        data-mockid="LinkComponent"
      />
    </p>
    <div
      data-mockid="ButtonGroupComponent"
    >
      <div
        data-mockid="CreateLinkedInstanceButton"
      />
    </div>
    <div
      data-mockid="ServiceProviderSandboxesTable"
    />
  </div>
</div>
`;
