// Jest Snapshot v1, https://goo.gl/fbAQLP

exports[`InstancesListComponent should match snapshot while calling the sortByKey util 1`] = `
<div>
  <div
    class="fr-col-12"
  >
    <div
      data-mockid="InstanceComponent"
    />
    <div
      data-mockid="InstanceComponent"
    />
    <div
      data-mockid="InstanceComponent"
    />
  </div>
</div>
`;
