// Jest Snapshot v1, https://goo.gl/fbAQLP

exports[`TrackCardBadgeComponent should match the snapshot 1`] = `
<div>
  <div
    class="is-absolute container"
  >
    <div
      class="fr-badge-group"
    >
      <div
        class="fr-badge is-white badgeFranceConnect fr-badge--md"
        data-testid="TrackCardBadgeComponent-platform-badge"
      >
        FranceConnect
      </div>
      <div
        class="fr-badge fr-badge--green-archipel fr-badge--md"
        data-testid="TrackCardBadgeComponent-action-badge"
      >
        <div
          size="18"
        >
          RiAccountCircleFill
        </div>
        <b
          class="fr-ml-1w"
        >
          Connexion
        </b>
      </div>
    </div>
  </div>
</div>
`;
