// Jest Snapshot v1, https://goo.gl/fbAQLP

exports[`IdentityTheftReportHelpEventIdAccordionComponent should match the snapshot 1`] = `
<div>
  <div
    data-mockid="AccordionComponent"
  >
    <h3>
      AccordionComponent
    </h3>
    <div>
      <p
        class="fr-background-alt--grey fr-px-2w fr-py-3w fr-mb-0"
      >
        any-i18n-description-mock
        <img
          alt="any-i18n-title-mock"
          class="fr-responsive-img fr-mt-2w"
          src="/images/fraud/mail-notification-connexion.png"
        />
      </p>
    </div>
  </div>
</div>
`;
