// Jest Snapshot v1, https://goo.gl/fbAQLP

exports[`ApplicationLayout should match snapshot 1`] = `
<div>
  <div
    data-mockid="HelmetProvider"
  >
    <div>
      <div
        class="sticky-body"
      >
        <div
          class="sticky-content"
        >
          <div
            data-mockid="Helmet"
          >
            <div>
              React Helmet Async
            </div>
          </div>
          <div>
            LayoutHeaderComponent
          </div>
          <div>
            ReactRouterDom Outlet Component
          </div>
        </div>
        <div>
          LayoutFooterComponent
        </div>
      </div>
    </div>
  </div>
</div>
`;
