// Jest Snapshot v1, https://goo.gl/fbAQLP

exports[`ApplicationLayout should match snapshot 1`] = `
<div>
  <div
    data-mockid="Helmet"
  >
    <html
      data-fr-theme="light"
      lang="fr"
    />
  </div>
  <div
    class="sticky-body"
  >
    <div
      class="sticky-content"
    >
      <div>
        LayoutHeaderComponent
      </div>
      <div>
        ReactRouterDom Outlet Component
      </div>
    </div>
    <div>
      LayoutFooterComponent
    </div>
  </div>
</div>
`;
