// Jest Snapshot v1, https://goo.gl/fbAQLP

exports[`FormActionsComponent actions are defined should match the snapshot when actions are defined 1`] = `
<div>
  <div
    class="flex-end flex-columns"
  >
    <div>
      SimpleButton
    </div>
    <div>
      SimpleButton
    </div>
  </div>
</div>
`;

exports[`FormActionsComponent actions are undefined should match the snapshot 1`] = `
<div>
  <div
    class="flex-end flex-columns"
  >
    <div>
      SimpleButton
    </div>
  </div>
</div>
`;
