// Jest Snapshot v1, https://goo.gl/fbAQLP

exports[`LoginPage should match the snapshot 1`] = `
<div>
  <div
    class="fr-container text-center fr-mt-8w"
  >
    <form>
      <div
        class="input-group"
      >
        <label
          for="email"
        >
          Email
        </label>
        <input
          name="email"
          style="border: solid;"
          type="text"
          value=""
        />
      </div>
      <div
        class="input-group"
      >
        <label
          for="password"
        >
          Password
        </label>
        <input
          name="password"
          style="border: solid;"
          type="password"
          value=""
        />
      </div>
      <div>
        SimpleButton
      </div>
    </form>
  </div>
</div>
`;
