// Jest Snapshot v1, https://goo.gl/fbAQLP

exports[`LayoutHeaderLogoutButton should match the snapshot 1`] = `
<div>
  <a
    class="fr-btn fr-icon-logout-box-r-line"
    data-testid="layout-header-tools-logout-button"
    href="any endSessionUrl mock"
    title="bouton permettant la déconnexion de votre compte"
  >
    <span>
      Se déconnecter
    </span>
  </a>
</div>
`;
