// Jest Snapshot v1, https://goo.gl/fbAQLP

exports[`ServiceProviderPage should match snapshot 1`] = `
<div>
  <div
    class="fr-col-12 fr-col-lg-10 fr-col-xl-8"
  >
    <div
      class="fr-col-12"
    >
      <h1>
        any-name-mock
      </h1>
      <p
        class="is-uppercase"
        data-testid="service-provider-details-page-organization-name"
      >
        any-organizationName-mock
      </p>
      <h2
        class="fr-mt-7w"
      >
        Partners.serviceProviderPage.habilitation.title
      </h2>
      <hr />
      <ul>
        <li>
          <b>
            Partners.serviceProviderPage.habilitation.number
             
          </b>
          <span
            data-mockid="LinkComponent"
          />
        </li>
      </ul>
      <h2
        class="fr-mt-5w"
      >
        Partners.serviceProviderPage.scopeSection.title
      </h2>
      <hr />
      <p>
        Partners.serviceProviderPage.scopeSection.description
         
        <span
          data-mockid="LinkComponent"
        />
      </p>
      <div
        data-mockid="TabsGroupComponent"
      />
      <p
        class="fr-mt-5w"
      >
        Partners.serviceProviderPage.datapassDocumentation.introduction
         
        <span
          data-mockid="LinkComponent"
        />
      </p>
    </div>
  </div>
</div>
`;
