// Jest Snapshot v1, https://jestjs.io/docs/snapshot-testing

exports[`ServiceProviderPage should match snapshot 1`] = `
<div>
  <div
    data-mockid="ServiceProviderNameComponent"
  />
  <div
    data-mockid="ServiceProviderDatapassComponent"
  />
  <div
    data-mockid="ServiceProviderScopesComponent"
  />
  <div
    data-mockid="ServiceProviderPermissionsComponent"
  />
  <div
    data-mockid="ServiceProviderSandboxesComponent"
  />
</div>
`;
