// Jest Snapshot v1, https://goo.gl/fbAQLP

exports[`IntroductionComponent should match the snapshot 1`] = `
<div>
  <div>
    <h1
      class="fr-h3 fr-text-title--blue-france fr-mb-1w"
    >
      Mon historique de connexion
    </h1>
    <p>
      Retrouvez toutes les connexions et échanges de données effectués via FranceConnect ces six derniers mois.
      <br />
      Cliquez sur une connexion pour en afficher les détails.
    </p>
  </div>
</div>
`;
