// Jest Snapshot v1, https://goo.gl/fbAQLP

exports[`TracksPage should match the snapshot 1`] = `
<div>
  <div
    data-mockid="Helmet"
  >
    <div>
      React Helmet Async
    </div>
  </div>
  <div
    class="fr-m-auto fr-px-2w fr-mt-8w"
    id="page-container"
  >
    <div>
      FooBar IntroductionComponent
    </div>
    <div>
      FooBar TracksListComponent
    </div>
  </div>
</div>
`;
