// Jest Snapshot v1, https://goo.gl/fbAQLP

exports[`authenticationEventIdCallout should match the snapshot 1`] = `
<div>
  <div
    data-mockid="CalloutComponent"
  >
    <div>
      CalloutComponent
    </div>
    <div>
      <p
        class="fr-callout__text"
      >
        any-callout-description-mock
      </p>
      <ul>
        <li
          class="fr-mb-1w fr-mt-2w"
        >
          <p
            class="fr-callout__text"
          >
            any-callout-bullet1-label-mock
          </p>
        </li>
        <img
          alt="any-callout-bullet1-alt-mock"
          class="fr-responsive-img"
          data-testid="authentication-event-id-mail-img"
          src="/images/fraud/authentication-event-id-mail.svg"
        />
        <li
          class="fr-mb-2w fr-mt-2w"
        >
          <p
            class="fr-callout__text"
          >
            votre
             
            <a
              href="mock"
            >
              mock
            </a>
          </p>
        </li>
        <img
          alt="any-callout-bullet2-alt-mock"
          class="fr-responsive-img"
          data-testid="authentication-event-id-history-img"
          src="/images/fraud/authentication-event-id-history.svg"
          style="transform: scale(1.025);"
        />
      </ul>
    </div>
  </div>
</div>
`;
