// Jest Snapshot v1, https://goo.gl/fbAQLP

exports[`FraudSurveyIntroductionComponent should match the snapshot 1`] = `
<div>
  <div>
    <h1
      class="fr-h3 fr-text-title--blue-france fr-mb-1w"
    >
      <b>
        any-title-mock
      </b>
    </h1>
    <p
      class="is-whitespace-prewrap"
    >
      any-description-mock
    </p>
    <div>
      SimpleButton
    </div>
  </div>
</div>
`;
