// Jest Snapshot v1, https://jestjs.io/docs/snapshot-testing

exports[`ServiceProviderScopesComponent should match the snapshot 1`] = `
<div>
  <div
    class="fr-col-12 fr-col-lg-10 fr-col-xl-8 fr-mt-4w"
  >
    <h2>
      Partners.serviceProviderPage.scopeSection.title
    </h2>
    <hr />
    <p>
      Partners.serviceProviderPage.scopeSection.description
       
      <span
        data-mockid="LinkComponent"
      />
    </p>
    <div
      data-mockid="TabsGroupComponent"
    />
    <p
      class="fr-mt-5w"
    >
      Partners.serviceProviderPage.datapassDocumentation.introduction
       
      <span
        data-mockid="LinkComponent"
      />
    </p>
  </div>
</div>
`;
