// Jest Snapshot v1, https://goo.gl/fbAQLP

exports[`InstanceUpdatePage should match the snapshot 1`] = `
<div>
  <div
    class="fr-col-12 fr-col-md-8 fc-grey-border--full"
  >
    <div
      class="fr-col-offset-1 fr-col-10"
    >
      <h1>
        any-title-mock
      </h1>
      <div
        data-mockid="DTO2FormComponent"
      />
    </div>
  </div>
</div>
`;
