// Jest Snapshot v1, https://goo.gl/fbAQLP

exports[`HomePage should match the snapshot 1`] = `
<div>
  <div
    class="content-wrapper-lg text-center fr-mt-8w"
    id="page-container"
  >
    <h1
      class="is-blue-france"
    >
      HomePage.welcome
    </h1>
    <p>
      HomePage.baseline
    </p>
    <div>
      HomePage.loginButton
    </div>
  </div>
</div>
`;
